{
  _type: 'element',
  tags: null,
  links: null,
  viewOf: 'plugin.datastation',
  _stage: 'layouted',
  sourcePath: 'src/model.views.c4',
  description: null,
  title: 'Datastation',
  id: 'datastation',
  autoLayout: {
    direction: 'TB',
  },
  hash: 'uJwzt80QnbKQgFd0OJQ68TXbrfQIvq0APXiF5KVp060',
  bounds: {
    x: -223,
    y: -377,
    width: 2073,
    height: 1541,
  },
  nodes: [
    {
      id: 'plugin.fph',
      parent: null,
      level: 0,
      children: [],
      inEdges: [
        'nleq91',
      ],
      outEdges: [
        'stc8at',
        'zhhzkv',
      ],
      title: 'Federated Processing Hub',
      modelRef: 'plugin.fph',
      shape: 'rectangle',
      color: 'primary',
      style: {
        opacity: 15,
        size: 'md',
        textSize: 'xl',
      },
      description: {
        txt: 'Een federatieve data processing systeem dat voldoet aan de eisen van beveiligde verwerkingsomgeving (BVO).',
      },
      tags: [],
      kind: 'system',
      navigateTo: 'fph',
      x: -203,
      y: 48,
      width: 460,
      height: 180,
      labelBBox: {
        x: 18,
        y: 28,
        width: 424,
        height: 114,
      },
      links: null,
    },
    {
      id: 'data-houder',
      parent: null,
      level: 0,
      children: [],
      inEdges: [],
      outEdges: [
        '1u1y3iz',
      ],
      title: 'Data houder',
      modelRef: 'data-houder',
      shape: 'person',
      color: 'amber',
      style: {
        opacity: 15,
        size: 'md',
      },
      description: {
        txt: 'Een data houder is een persoon of organisatie die gezondheidsgegevens beheert en beschikbaar stelt aan data gebruikers.',
      },
      tags: [],
      kind: 'actor',
      navigateTo: '__data-houder',
      x: 993,
      y: -357,
      width: 347,
      height: 180,
      labelBBox: {
        x: 18,
        y: 45,
        width: 312,
        height: 84,
      },
      links: null,
    },
    {
      id: 'plugin.datastation',
      parent: null,
      level: 0,
      children: [
        'plugin.datastation.vantage6-node',
        'plugin.datastation.plugin-lake-ui',
        'plugin.datastation.dagster-ui',
        'plugin.datastation.algoritme-container',
        'plugin.datastation.plugin-lake-server',
        'plugin.datastation.omop',
        'plugin.datastation.fhir',
        'plugin.datastation.lbz',
        'plugin.datastation.openehr',
      ],
      inEdges: [
        'stc8at',
        'zhhzkv',
        '1u1y3iz',
      ],
      outEdges: [
        'nleq91',
      ],
      title: 'Datastation',
      modelRef: 'plugin.datastation',
      shape: 'rectangle',
      color: 'primary',
      style: {
        opacity: 15,
        size: 'md',
        textSize: 'xl',
      },
      description: {
        txt: 'Beveiligde omgeving waarin datasets en gegevensdiensten van een datahouders worden ontsloten volgens afgesproken standaarden, met expliciete regels voor toegang, autorisatie, logging en gebruik.',
      },
      tags: [],
      kind: 'system',
      depth: 1,
      x: 522,
      y: -104,
      width: 1308,
      height: 1248,
      labelBBox: {
        x: 6,
        y: 0,
        width: 83,
        height: 15,
      },
      navigateTo: null,
      links: null,
    },
    {
      id: 'plugin.datastation.vantage6-node',
      parent: 'plugin.datastation',
      level: 1,
      children: [],
      inEdges: [
        'stc8at',
      ],
      outEdges: [
        '7ul1rr',
        'nleq91',
      ],
      title: 'vantage6 node',
      modelRef: 'plugin.datastation.vantage6-node',
      shape: 'component',
      color: 'primary',
      style: {
        opacity: 15,
        size: 'md',
        textSize: 'lg',
      },
      description: {
        txt: 'Component die verantwoordelijk is voor het uitvoeren van federatieve berekeningen op de data van een data houder, inclusief het ontvangen van taken, uitvoeren van algoritmes en terugsturen van resultaten.',
      },
      tags: [],
      kind: 'container',
      navigateTo: '__plugin_datastation_vantage6-node',
      x: 679,
      y: -44,
      width: 453,
      height: 180,
      labelBBox: {
        x: 38,
        y: 15,
        width: 377,
        height: 142,
      },
      links: null,
    },
    {
      id: 'plugin.datastation.plugin-lake-ui',
      parent: 'plugin.datastation',
      level: 1,
      children: [],
      inEdges: [],
      outEdges: [
        'tft7cj',
      ],
      title: 'PLUGIN-Lake UI',
      modelRef: 'plugin.datastation.plugin-lake-ui',
      shape: 'component',
      color: 'primary',
      style: {
        opacity: 15,
        size: 'md',
        textSize: 'lg',
      },
      description: {
        txt: 'Component die lakehouse functionaliteit biedt voor het opslaan en beheren van grote hoeveelheden gestructureerde en ongestructureerde data.',
      },
      tags: [],
      kind: 'container',
      navigateTo: '__plugin_datastation_plugin-lake-ui',
      x: 1207,
      y: -35,
      width: 443,
      height: 180,
      labelBBox: {
        x: 38,
        y: 26,
        width: 367,
        height: 120,
      },
      links: null,
    },
    {
      id: 'plugin.datastation.dagster-ui',
      parent: 'plugin.datastation',
      level: 1,
      children: [],
      inEdges: [],
      outEdges: [
        'nxhehy',
      ],
      title: 'Dagster UI',
      modelRef: 'plugin.datastation.dagster-ui',
      shape: 'component',
      color: 'primary',
      style: {
        opacity: 15,
        size: 'md',
        textSize: 'lg',
      },
      description: {
        txt: 'Component die een interface biedt voor het ontwerpen, plannen en monitoren van data pipelines.',
      },
      tags: [],
      kind: 'container',
      navigateTo: '__plugin_datastation_dagster-ui',
      x: 1363,
      y: 241,
      width: 425,
      height: 180,
      labelBBox: {
        x: 38,
        y: 36,
        width: 349,
        height: 99,
      },
      links: null,
    },
    {
      id: 'plugin.datastation.algoritme-container',
      parent: 'plugin.datastation',
      level: 1,
      children: [],
      inEdges: [
        '7ul1rr',
      ],
      outEdges: [
        '1v9xjh',
      ],
      title: 'Algoritme container',
      modelRef: 'plugin.datastation.algoritme-container',
      shape: 'component',
      color: 'primary',
      style: {
        opacity: 15,
        size: 'md',
        textSize: 'lg',
      },
      description: {
        txt: 'Component die machine learning algoritmes en modellen bevat die kunnen worden uitgevoerd op het datastation.',
      },
      tags: [],
      kind: 'container',
      navigateTo: '__plugin_datastation_algoritme-container',
      x: 682,
      y: 242,
      width: 457,
      height: 180,
      labelBBox: {
        x: 38,
        y: 37,
        width: 381,
        height: 98,
      },
      links: null,
    },
    {
      id: 'plugin.datastation.plugin-lake-server',
      parent: 'plugin.datastation',
      level: 1,
      children: [],
      inEdges: [
        'zhhzkv',
        'tft7cj',
        'nxhehy',
        '1v9xjh',
      ],
      outEdges: [
        '11netfc',
        '11ne74g',
        '1peqttd',
        '1kj47e6',
      ],
      title: 'PLUGIN-Lake Server',
      modelRef: 'plugin.datastation.plugin-lake-server',
      shape: 'component',
      color: 'primary',
      style: {
        opacity: 15,
        size: 'md',
        textSize: 'lg',
      },
      description: {
        txt: '',
      },
      tags: [],
      kind: 'container',
      navigateTo: '__plugin_datastation_plugin-lake-server',
      x: 751,
      y: 583,
      width: 330,
      height: 180,
      labelBBox: {
        x: 50,
        y: 72,
        width: 231,
        height: 28,
      },
      links: null,
    },
    {
      id: 'plugin.datastation.omop',
      parent: 'plugin.datastation',
      level: 1,
      children: [],
      inEdges: [
        '11netfc',
      ],
      outEdges: [],
      title: 'OMOP CDM 5.4',
      modelRef: 'plugin.datastation.omop',
      shape: 'storage',
      color: 'primary',
      style: {
        opacity: 15,
        size: 'md',
      },
      description: {
        txt: 'Datastore waarin gezondheidsgegevens zijn opgeslagen volgens de OMOP Common Data Model (CDM) 5.4 specificaties.',
      },
      tags: [],
      kind: 'datastore',
      navigateTo: '__plugin_datastation_omop',
      x: 1275,
      y: 594,
      width: 390,
      height: 180,
      labelBBox: {
        x: 18,
        y: 45,
        width: 354,
        height: 84,
      },
      links: null,
    },
    {
      id: 'plugin.datastation.fhir',
      parent: 'plugin.datastation',
      level: 1,
      children: [],
      inEdges: [
        '11ne74g',
      ],
      outEdges: [],
      title: 'FHIR',
      modelRef: 'plugin.datastation.fhir',
      shape: 'storage',
      color: 'primary',
      style: {
        opacity: 15,
        size: 'md',
      },
      description: {
        txt: 'Datastore waarin gezondheidsgegevens zijn opgeslagen volgens de FHIR (Fast Healthcare Interoperability Resources) standaard.',
      },
      tags: [],
      kind: 'datastore',
      navigateTo: '__plugin_datastation_fhir',
      x: 564,
      y: 921,
      width: 348,
      height: 180,
      labelBBox: {
        x: 18,
        y: 45,
        width: 313,
        height: 84,
      },
      links: null,
    },
    {
      id: 'plugin.datastation.lbz',
      parent: 'plugin.datastation',
      level: 1,
      children: [],
      inEdges: [
        '1peqttd',
      ],
      outEdges: [],
      title: 'LBZ',
      modelRef: 'plugin.datastation.lbz',
      shape: 'storage',
      color: 'primary',
      style: {
        opacity: 15,
        size: 'md',
      },
      description: {
        txt: 'Datastore waarin gezondheidsgegevens zijn opgeslagen volgens de Landelijke Basisregistratie Ziekenhuiszorg (LBZ) standaard.',
      },
      tags: [],
      kind: 'datastore',
      navigateTo: '__plugin_datastation_lbz',
      x: 1007,
      y: 920,
      width: 334,
      height: 180,
      labelBBox: {
        x: 18,
        y: 36,
        width: 298,
        height: 102,
      },
      links: null,
    },
    {
      id: 'plugin.datastation.openehr',
      parent: 'plugin.datastation',
      level: 1,
      children: [],
      inEdges: [
        '1kj47e6',
      ],
      outEdges: [],
      title: 'OpenEHR',
      modelRef: 'plugin.datastation.openehr',
      shape: 'storage',
      color: 'muted',
      style: {
        opacity: 15,
        size: 'md',
      },
      description: {
        txt: 'Datastore waarin gezondheidsgegevens zijn opgeslagen volgens de OpenEHR standaard.',
      },
      tags: [],
      kind: 'datastore',
      navigateTo: '__plugin_datastation_openehr',
      x: 1429,
      y: 922,
      width: 341,
      height: 180,
      labelBBox: {
        x: 18,
        y: 54,
        width: 306,
        height: 66,
      },
      links: null,
    },
  ],
  edges: [
    {
      id: 'stc8at',
      source: 'plugin.fph',
      target: 'plugin.datastation.vantage6-node',
      label: 'stuurt taken naar',
      points: [
        [
          2041,
          410,
        ],
        [
          2010,
          373,
        ],
        [
          1969,
          333,
        ],
        [
          1923,
          310,
        ],
        [
          1670,
          187,
        ],
        [
          1569,
          306,
        ],
        [
          1293,
          250,
        ],
        [
          1278,
          247,
        ],
        [
          1263,
          244,
        ],
        [
          1248,
          240,
        ],
      ],
      labelBBox: {
        x: 180,
        y: -10,
        width: 109,
        height: 18,
      },
      parent: null,
      relations: [
        'l0eytq',
      ],
      color: 'gray',
      line: 'dashed',
      head: 'normal',
      controlPoints: [
        {
          x: 163,
          y: 21,
        },
        {
          x: 479,
          y: 18,
        },
        {
          x: 674,
          y: 69,
        },
      ],
      navigateTo: null,
      tags: null,
    },
    {
      id: 'zhhzkv',
      source: 'plugin.fph',
      target: 'plugin.datastation.plugin-lake-server',
      label: 'voert federatieve analyses uit via',
      points: [
        [
          430,
          470,
        ],
        [
          562,
          553,
        ],
      ],
      labelBBox: {
        x: 408,
        y: 367,
        width: 208,
        height: 18,
      },
      parent: null,
      relations: [
        '1dy9asb',
      ],
      color: 'gray',
      line: 'dashed',
      head: 'normal',
      controlPoints: [
        {
          x: 408,
          y: 367,
        },
        {
          x: 532,
          y: 442,
        },
      ],
      navigateTo: null,
      tags: null,
    },
    {
      id: '7ul1rr',
      source: 'plugin.datastation.vantage6-node',
      target: 'plugin.datastation.algoritme-container',
      label: 'zet op, configureert en stuurt \nresultaten door van',
      points: [
        [
          1012,
          250,
        ],
        [
          1012,
          296,
        ],
        [
          1012,
          352,
        ],
        [
          1012,
          400,
        ],
      ],
      labelBBox: {
        x: 906,
        y: 170,
        width: 182,
        height: 35,
      },
      parent: 'plugin.datastation',
      relations: [
        'y6dtju',
      ],
      color: 'gray',
      line: 'dashed',
      head: 'normal',
      controlPoints: [
        {
          x: 907,
          y: 182,
        },
      ],
      navigateTo: null,
      tags: null,
    },
    {
      id: 'tft7cj',
      source: 'plugin.datastation.plugin-lake-ui',
      target: 'plugin.datastation.plugin-lake-server',
      label: 'interface voor inzage in orchestratie en \ndata',
      points: [
        [
          1524,
          249,
        ],
        [
          1513,
          269,
        ],
        [
          1503,
          290,
        ],
        [
          1493,
          310,
        ],
        [
          1410,
          477,
        ],
        [
          1428,
          542,
        ],
        [
          1313,
          689,
        ],
        [
          1298,
          708,
        ],
        [
          1281,
          726,
        ],
        [
          1263,
          742,
        ],
      ],
      labelBBox: {
        x: 1273,
        y: 346,
        width: 245,
        height: 34,
      },
      parent: 'plugin.datastation',
      relations: [
        '3pre9y',
      ],
      color: 'gray',
      line: 'dashed',
      head: 'normal',
      controlPoints: [
        {
          x: 1342,
          y: 174,
        },
        {
          x: 1251,
          y: 334,
        },
        {
          x: 1086,
          y: 560,
        },
      ],
      navigateTo: null,
      tags: null,
    },
    {
      id: 'nxhehy',
      source: 'plugin.datastation.dagster-ui',
      target: 'plugin.datastation.plugin-lake-server',
      label: 'stuurt opdrachten naar en ontvangt \nstatus updates van',
      points: [
        [
          977,
          582,
        ],
        [
          976,
          628,
        ],
      ],
      labelBBox: {
        x: 1281,
        y: 480,
        width: 222,
        height: 34,
      },
      parent: 'plugin.datastation',
      relations: [
        'tnoe4o',
      ],
      color: 'gray',
      line: 'dashed',
      head: 'normal',
      controlPoints: [
        {
          x: 1281,
          y: 480,
        },
        {
          x: 1206,
          y: 519,
        },
      ],
      navigateTo: null,
      tags: null,
    },
    {
      id: '1v9xjh',
      source: 'plugin.datastation.algoritme-container',
      target: 'plugin.datastation.plugin-lake-server',
      label: 'leest data van en schrijft tijdelijke \nresultaten naar',
      points: [
        [
          1044,
          589,
        ],
        [
          1060,
          636,
        ],
        [
          1080,
          692,
        ],
        [
          1097,
          740,
        ],
      ],
      labelBBox: {
        x: 919,
        y: 477,
        width: 209,
        height: 35,
      },
      parent: 'plugin.datastation',
      relations: [
        '1icu141',
      ],
      color: 'gray',
      line: 'dashed',
      head: 'normal',
      controlPoints: [
        {
          x: 911,
          y: 546,
        },
      ],
      navigateTo: null,
      tags: null,
    },
    {
      id: '11netfc',
      source: 'plugin.datastation.plugin-lake-server',
      target: 'plugin.datastation.omop',
      label: 'slaat data op in',
      points: [
        [
          967,
          900,
        ],
        [
          821,
          953,
        ],
        [
          606,
          1030,
        ],
        [
          449,
          1087,
        ],
      ],
      labelBBox: {
        x: 1175,
        y: 674,
        width: 99,
        height: 18,
      },
      parent: 'plugin.datastation',
      relations: [
        'ac23w',
      ],
      color: 'gray',
      line: 'dashed',
      head: 'normal',
      controlPoints: [
        {
          x: 1173,
          y: 675,
        },
      ],
      navigateTo: null,
      tags: null,
    },
    {
      id: '11ne74g',
      source: 'plugin.datastation.plugin-lake-server',
      target: 'plugin.datastation.fhir',
      label: 'slaat data op in',
      points: [
        [
          1018,
          929,
        ],
        [
          964,
          972,
        ],
        [
          898,
          1023,
        ],
        [
          843,
          1066,
        ],
      ],
      labelBBox: {
        x: 831,
        y: 828,
        width: 99,
        height: 18,
      },
      parent: 'plugin.datastation',
      relations: [
        '1jez7et',
      ],
      color: 'gray',
      line: 'dashed',
      head: 'normal',
      controlPoints: [
        {
          x: 811,
          y: 867,
        },
      ],
      navigateTo: null,
      tags: null,
    },
    {
      id: '1peqttd',
      source: 'plugin.datastation.plugin-lake-server',
      target: 'plugin.datastation.lbz',
      label: 'slaat data op in',
      points: [
        [
          1143,
          929,
        ],
        [
          1149,
          970,
        ],
        [
          1155,
          1019,
        ],
        [
          1160,
          1061,
        ],
      ],
      labelBBox: {
        x: 1039,
        y: 828,
        width: 99,
        height: 18,
      },
      parent: 'plugin.datastation',
      relations: [
        '2fp612',
      ],
      color: 'gray',
      line: 'dashed',
      head: 'normal',
      controlPoints: [
        {
          x: 1037,
          y: 833,
        },
      ],
      navigateTo: null,
      tags: null,
    },
    {
      id: '1kj47e6',
      source: 'plugin.datastation.plugin-lake-server',
      target: 'plugin.datastation.openehr',
      label: 'slaat data op in',
      points: [
        [
          1268,
          929,
        ],
        [
          1334,
          973,
        ],
        [
          1414,
          1025,
        ],
        [
          1481,
          1069,
        ],
      ],
      labelBBox: {
        x: 1274,
        y: 830,
        width: 99,
        height: 18,
      },
      parent: 'plugin.datastation',
      relations: [
        '32qf7c',
      ],
      color: 'gray',
      line: 'dashed',
      head: 'normal',
      controlPoints: [
        {
          x: 1313,
          y: 868,
        },
      ],
      navigateTo: null,
      tags: null,
    },
    {
      id: 'nleq91',
      source: 'plugin.datastation.vantage6-node',
      target: 'plugin.fph',
      label: 'stuurt resultaten terug naar',
      points: [
        [
          1238,
          233,
        ],
        [
          1257,
          239,
        ],
        [
          1275,
          245,
        ],
        [
          1293,
          250,
        ],
        [
          1543,
          325,
        ],
        [
          1610,
          329,
        ],
        [
          1859,
          410,
        ],
        [
          1860,
          410,
        ],
        [
          1861,
          410,
        ],
        [
          1862,
          411,
        ],
      ],
      labelBBox: {
        x: 402,
        y: 57,
        width: 172,
        height: 18,
      },
      parent: null,
      relations: [
        'diozcf',
      ],
      color: 'gray',
      line: 'dashed',
      head: 'normal',
      controlPoints: [
        {
          x: 709,
          y: 66,
        },
        {
          x: 472,
          y: 80,
        },
        {
          x: 225,
          y: 101,
        },
      ],
      navigateTo: null,
      tags: null,
    },
    {
      id: '1u1y3iz',
      source: 'data-houder',
      target: 'plugin.datastation',
      label: 'maakt data beschikbaar via',
      points: [
        [
          1534,
          119,
        ],
        [
          1555,
          88,
        ],
      ],
      labelBBox: {
        x: 1164,
        y: -218,
        width: 174,
        height: 18,
      },
      parent: null,
      relations: [
        '1qz5qco',
      ],
      color: 'gray',
      line: 'dashed',
      head: 'normal',
      controlPoints: [
        {
          x: 1164,
          y: -218,
        },
        {
          x: 1167,
          y: -269,
        },
      ],
      navigateTo: null,
      tags: null,
    },
  ],
  _layout: 'manual',
}
