{
  _type: 'element',
  tags: null,
  links: null,
  viewOf: 'plugin.fph',
  _stage: 'layouted',
  sourcePath: 'src/model.views.c4',
  description: null,
  title: 'Federated Processing Hub',
  id: 'fph',
  autoLayout: {
    direction: 'TB',
  },
  hash: 'wpriPgF5Z-d2oDZotZkEx6AVf9NG5X5zU4wlQNSGB2k',
  bounds: {
    x: -27,
    y: -363,
    width: 2087,
    height: 1575,
  },
  nodes: [
    {
      id: 'data-gebruiker',
      parent: null,
      level: 0,
      children: [],
      inEdges: [],
      outEdges: [
        '6huumz',
        'w3du5z',
      ],
      title: 'Data gebruiker',
      modelRef: 'data-gebruiker',
      shape: 'person',
      color: 'amber',
      style: {
        opacity: 15,
        size: 'md',
      },
      description: {
        txt: 'Een data gebruiker is een persoon die gezondheidsgegevens gebruikt voor onderzoek, innovatie of beleid.',
      },
      tags: [],
      kind: 'actor',
      navigateTo: '__data-gebruiker',
      x: 86,
      y: -343,
      width: 359,
      height: 180,
      labelBBox: {
        x: 18,
        y: 45,
        width: 323,
        height: 84,
      },
      links: null,
    },
    {
      id: 'plugin.datastation',
      parent: null,
      level: 0,
      children: [],
      inEdges: [
        '1ds09c0',
        '1d1ne18',
      ],
      outEdges: [
        'z7mohs',
      ],
      title: 'Datastation',
      modelRef: 'plugin.datastation',
      shape: 'rectangle',
      color: 'primary',
      style: {
        opacity: 15,
        size: 'md',
        textSize: 'xl',
      },
      description: {
        txt: 'Beveiligde omgeving waarin datasets en gegevensdiensten van een datahouders worden ontsloten volgens afgesproken standaarden, met expliciete regels voor toegang, autorisatie, logging en gebruik.',
      },
      tags: [],
      kind: 'system',
      navigateTo: 'datastation',
      x: 1552,
      y: 600,
      width: 488,
      height: 203,
      labelBBox: {
        x: 18,
        y: 15,
        width: 452,
        height: 164,
      },
      links: null,
    },
    {
      id: 'plugin.fph',
      parent: null,
      level: 0,
      children: [
        'plugin.fph.vantage6-ui',
        'plugin.fph.plugin-ml',
        'plugin.fph.plugin-hub',
        'plugin.fph.plugin-analytics',
        'plugin.fph.vantage6-server',
        'plugin.fph.some-server',
        'plugin.fph.algoritme-register',
        'plugin.fph.blob-storage',
      ],
      inEdges: [
        '6huumz',
        'w3du5z',
        'z7mohs',
      ],
      outEdges: [
        '1ds09c0',
        '1d1ne18',
      ],
      title: 'Federated Processing Hub',
      modelRef: 'plugin.fph',
      shape: 'rectangle',
      color: 'primary',
      style: {
        opacity: 15,
        size: 'md',
        textSize: 'xl',
      },
      description: {
        txt: 'Een federatieve data processing systeem dat voldoet aan de eisen van beveiligde verwerkingsomgeving (BVO).',
      },
      tags: [],
      kind: 'system',
      depth: 1,
      x: -7,
      y: -7,
      width: 1311,
      height: 1199,
      labelBBox: {
        x: 6,
        y: 0,
        width: 175,
        height: 15,
      },
      navigateTo: null,
      links: null,
    },
    {
      id: 'plugin.fph.vantage6-ui',
      parent: 'plugin.fph',
      level: 1,
      children: [],
      inEdges: [
        '6huumz',
      ],
      outEdges: [
        'azhr3n',
      ],
      title: 'vantage6 UI',
      modelRef: 'plugin.fph.vantage6-ui',
      shape: 'component',
      color: 'primary',
      style: {
        opacity: 15,
        size: 'md',
        textSize: 'lg',
      },
      description: {
        txt: 'Webapplicatie waarmee data gebruikers federatieve berekeningen kunnen initiëren en beheren, en algoritmes kunnen bekijken.',
      },
      tags: [],
      kind: 'container',
      navigateTo: '__plugin_fph_vantage6-ui',
      x: 787,
      y: 59,
      width: 440,
      height: 180,
      labelBBox: {
        x: 38,
        y: 37,
        width: 364,
        height: 98,
      },
      links: null,
    },
    {
      id: 'plugin.fph.plugin-ml',
      parent: 'plugin.fph',
      level: 1,
      children: [],
      inEdges: [
        'w3du5z',
      ],
      outEdges: [
        'ta0len',
      ],
      title: 'PLUGIN-ML',
      modelRef: 'plugin.fph.plugin-ml',
      shape: 'component',
      color: 'primary',
      style: {
        opacity: 15,
        size: 'md',
        textSize: 'lg',
      },
      description: {
        txt: 'Component die machine learning algoritmes en modellen bevat die kunnen worden gebruikt in federatieve berekeningen.',
      },
      tags: [],
      kind: 'container',
      navigateTo: '__plugin_fph_plugin-ml',
      x: 35,
      y: 53,
      width: 457,
      height: 180,
      labelBBox: {
        x: 38,
        y: 37,
        width: 381,
        height: 98,
      },
      links: null,
    },
    {
      id: 'plugin.fph.plugin-hub',
      parent: 'plugin.fph',
      level: 1,
      children: [],
      inEdges: [],
      outEdges: [
        'putgu9',
      ],
      title: 'PLUGIN-Hub',
      modelRef: 'plugin.fph.plugin-hub',
      shape: 'component',
      color: 'primary',
      style: {
        opacity: 15,
        size: 'md',
        textSize: 'lg',
      },
      description: {
        txt: 'Component waarmee data vanuit datastations naar een centraal systeem kunnen worden doorgestuurd.',
      },
      tags: [],
      kind: 'container',
      navigateTo: '__plugin_fph_plugin-hub',
      x: 36,
      y: 264,
      width: 447,
      height: 180,
      labelBBox: {
        x: 38,
        y: 37,
        width: 371,
        height: 98,
      },
      links: null,
    },
    {
      id: 'plugin.fph.plugin-analytics',
      parent: 'plugin.fph',
      level: 1,
      children: [],
      inEdges: [],
      outEdges: [
        '13x8xgk',
      ],
      title: 'PLUGIN-Analytics',
      modelRef: 'plugin.fph.plugin-analytics',
      shape: 'component',
      color: 'muted',
      style: {
        opacity: 15,
        size: 'md',
        textSize: 'lg',
      },
      description: {
        txt: 'Component die analytische tools en visualisaties biedt voor het interpreteren van resultaten van federatieve berekeningen.',
      },
      tags: [],
      kind: 'container',
      navigateTo: '__plugin_fph_plugin-analytics',
      x: 38,
      y: 953,
      width: 440,
      height: 180,
      labelBBox: {
        x: 38,
        y: 37,
        width: 364,
        height: 98,
      },
      links: null,
    },
    {
      id: 'plugin.fph.vantage6-server',
      parent: 'plugin.fph',
      level: 1,
      children: [],
      inEdges: [
        'z7mohs',
        'azhr3n',
        'ta0len',
        'putgu9',
      ],
      outEdges: [
        'jccrmk',
        '12hxb8t',
        '1ds09c0',
      ],
      title: 'vantage6 server',
      modelRef: 'plugin.fph.vantage6-server',
      shape: 'component',
      color: 'primary',
      style: {
        opacity: 15,
        size: 'md',
        textSize: 'lg',
      },
      description: {
        txt: 'Component die verantwoordelijk is voor het beheren van federatieve berekeningen, inclusief het ontvangen van berekeningsverzoeken, coördineren van taken en verzamelen van resultaten.',
      },
      tags: [],
      kind: 'container',
      navigateTo: '__plugin_fph_vantage6-server',
      x: 798,
      y: 326,
      width: 449,
      height: 180,
      labelBBox: {
        x: 38,
        y: 15,
        width: 373,
        height: 142,
      },
      links: null,
    },
    {
      id: 'plugin.fph.some-server',
      parent: 'plugin.fph',
      level: 1,
      children: [],
      inEdges: [
        '13x8xgk',
      ],
      outEdges: [
        '1d1ne18',
      ],
      title: 'Nader te bepalen server',
      modelRef: 'plugin.fph.some-server',
      shape: 'component',
      color: 'muted',
      style: {
        opacity: 15,
        size: 'md',
        textSize: 'lg',
      },
      description: {
        txt: 'Centrale component voor federated analytics.',
      },
      tags: [],
      kind: 'container',
      navigateTo: '__plugin_fph_some-server',
      x: 819,
      y: 970,
      width: 443,
      height: 180,
      labelBBox: {
        x: 38,
        y: 58,
        width: 367,
        height: 56,
      },
      links: null,
    },
    {
      id: 'plugin.fph.algoritme-register',
      parent: 'plugin.fph',
      level: 1,
      children: [],
      inEdges: [
        'jccrmk',
      ],
      outEdges: [],
      title: 'Algoritme register',
      modelRef: 'plugin.fph.algoritme-register',
      shape: 'component',
      color: 'primary',
      style: {
        opacity: 15,
        size: 'md',
        textSize: 'lg',
      },
      description: {
        txt: 'Component waarin beschikbare algoritmes worden geregistreerd en beheerd, inclusief metadata zoals beschrijving, input/output specificaties en versies.',
      },
      tags: [],
      kind: 'container',
      navigateTo: '__plugin_fph_algoritme-register',
      x: 822,
      y: 608,
      width: 421,
      height: 180,
      labelBBox: {
        x: 38,
        y: 26,
        width: 345,
        height: 120,
      },
      links: null,
    },
    {
      id: 'plugin.fph.blob-storage',
      parent: 'plugin.fph',
      level: 1,
      children: [],
      inEdges: [
        '12hxb8t',
      ],
      outEdges: [],
      title: 'Blob Storage',
      modelRef: 'plugin.fph.blob-storage',
      shape: 'storage',
      color: 'primary',
      style: {
        opacity: 15,
        size: 'md',
      },
      description: {
        txt: 'Opslag voor grote bestanden, zoals modelbestanden, datasets en resultaten van federatieve berekeningen.',
      },
      tags: [],
      kind: 'datastore',
      navigateTo: '__plugin_fph_blob-storage',
      x: 405,
      y: 613,
      width: 335,
      height: 180,
      labelBBox: {
        x: 18,
        y: 45,
        width: 299,
        height: 83,
      },
      links: null,
    },
  ],
  edges: [
    {
      id: '6huumz',
      source: 'data-gebruiker',
      target: 'plugin.fph.vantage6-ui',
      label: 'beheert federatieve samenwerking in',
      points: [
        [
          749,
          112,
        ],
        [
          760,
          113,
        ],
      ],
      labelBBox: {
        x: 592,
        y: -74,
        width: 234,
        height: 18,
      },
      parent: null,
      relations: [
        'mnns09',
      ],
      color: 'gray',
      line: 'dashed',
      head: 'normal',
      controlPoints: [
        {
          x: 592,
          y: -74,
        },
        {
          x: 610,
          y: -64,
        },
      ],
      navigateTo: null,
      tags: null,
    },
    {
      id: 'w3du5z',
      source: 'data-gebruiker',
      target: 'plugin.fph.plugin-ml',
      label: 'ontwikkelt machine learning algoritmes \nmet',
      points: [
        [
          417,
          114,
        ],
        [
          442,
          109,
        ],
      ],
      labelBBox: {
        x: 263,
        y: -71,
        width: 244,
        height: 34,
      },
      parent: null,
      relations: [
        '1uhbles',
      ],
      color: 'gray',
      line: 'dashed',
      head: 'normal',
      controlPoints: [
        {
          x: 263,
          y: -71,
        },
        {
          x: 263,
          y: -107,
        },
      ],
      navigateTo: null,
      tags: null,
    },
    {
      id: 'z7mohs',
      source: 'plugin.datastation',
      target: 'plugin.fph.vantage6-server',
      label: 'stuurt resultaten terug naar',
      points: [
        [
          2442,
          733,
        ],
        [
          2424,
          703,
        ],
        [
          2401,
          672,
        ],
        [
          2373,
          650,
        ],
        [
          2308,
          599,
        ],
        [
          2226,
          565,
        ],
        [
          2148,
          543,
        ],
      ],
      labelBBox: {
        x: 1640,
        y: 530,
        width: 172,
        height: 18,
      },
      parent: null,
      relations: [
        'diozcf',
      ],
      color: 'gray',
      line: 'dashed',
      head: 'normal',
      controlPoints: [
        {
          x: 1665,
          y: 566,
        },
        {
          x: 1465,
          y: 475,
        },
      ],
      navigateTo: null,
      tags: null,
    },
    {
      id: 'jccrmk',
      source: 'plugin.fph.vantage6-server',
      target: 'plugin.fph.algoritme-register',
      label: 'slaat goedgekeurde algoritmes op in',
      points: [
        [
          1899,
          589,
        ],
        [
          1896,
          609,
        ],
        [
          1894,
          630,
        ],
        [
          1892,
          650,
        ],
        [
          1890,
          677,
        ],
        [
          1892,
          707,
        ],
        [
          1895,
          734,
        ],
      ],
      labelBBox: {
        x: 1021,
        y: 539,
        width: 230,
        height: 18,
      },
      parent: 'plugin.fph',
      relations: [
        'opjbqg',
      ],
      color: 'gray',
      line: 'dashed',
      head: 'normal',
      controlPoints: [
        {
          x: 1020,
          y: 535,
        },
        {
          x: 1020,
          y: 577,
        },
      ],
      navigateTo: null,
      tags: null,
    },
    {
      id: '12hxb8t',
      source: 'plugin.fph.vantage6-server',
      target: 'plugin.fph.blob-storage',
      label: 'maakt gebruik van',
      points: [
        [
          797,
          713,
        ],
        [
          718,
          816,
        ],
      ],
      labelBBox: {
        x: 832,
        y: 537,
        width: 118,
        height: 18,
      },
      parent: 'plugin.fph',
      relations: [
        '2rd9a7',
      ],
      color: 'gray',
      line: 'dashed',
      head: 'normal',
      controlPoints: [
        {
          x: 832,
          y: 537,
        },
        {
          x: 766,
          y: 578,
        },
      ],
      navigateTo: null,
      tags: null,
    },
    {
      id: 'azhr3n',
      source: 'plugin.fph.vantage6-ui',
      target: 'plugin.fph.vantage6-server',
      label: 'grafische interface voor beheren \nfederatieve berekeningen',
      points: [
        [
          1517,
          249,
        ],
        [
          1593,
          296,
        ],
        [
          1686,
          355,
        ],
        [
          1763,
          403,
        ],
      ],
      labelBBox: {
        x: 1017,
        y: 260,
        width: 205,
        height: 35,
      },
      parent: 'plugin.fph',
      relations: [
        '11yfz5y',
      ],
      color: 'gray',
      line: 'dashed',
      head: 'normal',
      controlPoints: [
        {
          x: 1012,
          y: 286,
        },
      ],
      navigateTo: null,
      tags: null,
    },
    {
      id: 'ta0len',
      source: 'plugin.fph.plugin-ml',
      target: 'plugin.fph.vantage6-server',
      label: 'wordt uitgevoerd via',
      points: [
        [
          1929,
          249,
        ],
        [
          1927,
          295,
        ],
        [
          1923,
          351,
        ],
        [
          1920,
          399,
        ],
      ],
      labelBBox: {
        x: 596,
        y: 260,
        width: 129,
        height: 18,
      },
      parent: 'plugin.fph',
      relations: [
        '1h90m4z',
      ],
      color: 'gray',
      line: 'dashed',
      head: 'normal',
      controlPoints: [
        {
          x: 707,
          y: 300,
        },
      ],
      navigateTo: null,
      tags: null,
    },
    {
      id: 'putgu9',
      source: 'plugin.fph.plugin-hub',
      target: 'plugin.fph.vantage6-server',
      label: 'wordt uitgevoerd via',
      points: [
        [
          611,
          363,
        ],
        [
          675,
          365,
        ],
      ],
      labelBBox: {
        x: 608,
        y: 381,
        width: 129,
        height: 18,
      },
      parent: 'plugin.fph',
      relations: [
        'eb2yjw',
      ],
      color: 'gray',
      line: 'dashed',
      head: 'normal',
      controlPoints: [
        {
          x: 608,
          y: 381,
        },
        {
          x: 671,
          y: 387,
        },
      ],
      navigateTo: null,
      tags: null,
    },
    {
      id: '13x8xgk',
      source: 'plugin.fph.plugin-analytics',
      target: 'plugin.fph.some-server',
      label: 'wordt uitgevoerd via',
      points: [
        [
          611,
          747,
        ],
        [
          693,
          789,
        ],
      ],
      labelBBox: {
        x: 606,
        y: 1049,
        width: 129,
        height: 18,
      },
      parent: 'plugin.fph',
      relations: [
        '1uquzv5',
      ],
      color: 'gray',
      line: 'dashed',
      head: 'normal',
      controlPoints: [
        {
          x: 606,
          y: 1049,
        },
        {
          x: 689,
          y: 1052,
        },
      ],
      navigateTo: null,
      tags: null,
    },
    {
      id: '1ds09c0',
      source: 'plugin.fph.vantage6-server',
      target: 'plugin.datastation',
      label: 'stuurt taken naar',
      points: [
        [
          2068,
          590,
        ],
        [
          2141,
          632,
        ],
        [
          2229,
          683,
        ],
        [
          2305,
          727,
        ],
      ],
      labelBBox: {
        x: 1402,
        y: 538,
        width: 109,
        height: 18,
      },
      parent: null,
      relations: [
        'l0eytq',
      ],
      color: 'gray',
      line: 'dashed',
      head: 'normal',
      controlPoints: [
        {
          x: 1502,
          y: 590,
        },
      ],
      navigateTo: null,
      tags: null,
    },
    {
      id: '1d1ne18',
      source: 'plugin.fph.some-server',
      target: 'plugin.datastation',
      label: 'voert federatieve analyses uit via',
      points: [
        [
          2226,
          483,
        ],
        [
          2204,
          487,
        ],
      ],
      labelBBox: {
        x: 1387,
        y: 890,
        width: 208,
        height: 18,
      },
      parent: null,
      relations: [
        '1dy9asb',
      ],
      color: 'gray',
      line: 'dashed',
      head: 'normal',
      controlPoints: [
        {
          x: 1387,
          y: 890,
        },
        {
          x: 1417,
          y: 877,
        },
      ],
      navigateTo: null,
      tags: null,
    },
  ],
  _layout: 'manual',
}
